// Jest Snapshot v1, https://goo.gl/fbAQLP

exports[`LogoutUser renders without error 1`] = `
<div>
  <a
    href="/logout"
  >
    Log out
  </a>
</div>
`;
